MPLINK 5.08, LINKER
Linker Map File - Created Thu Mar 23 03:12:47 2023

                                 Section Info
                  Section       Type    Address   Location Size(Bytes)
                ---------  ---------  ---------  ---------  ---------
                   .org_0       code   0x000000    program   0x000002
                   .cinit    romdata   0x000001    program   0x000004
                   .org_1       code   0x000015    program   0x0000b8
.config_2007_BUILD/DEFAULT/PRODUCTION/MODE3.O       code   0x002007    program   0x000002
.config_2008_BUILD/DEFAULT/PRODUCTION/MODE3.O       code   0x002008    program   0x000002



                              Program Memory Usage 
                               Start         End      
                           ---------   ---------      
                            0x000000    0x000002      
                            0x000015    0x000070      
                            0x002007    0x002008      
            97 out of 4103 program addresses used, program memory utilization is 2%



                              Symbols - Sorted by Name
                     Name    Address   Location    Storage File                     
                ---------  ---------  ---------  --------- ---------                
                     AtoD   0x000034    program     static C:\Users\sk4697\MPLABXProjects\case_study_03.X\mode3.asm
                   Engage   0x000038    program     static C:\Users\sk4697\MPLABXProjects\case_study_03.X\mode3.asm
               GreenPress   0x000023    program     static C:\Users\sk4697\MPLABXProjects\case_study_03.X\mode3.asm
             GreenRelease   0x000025    program     static C:\Users\sk4697\MPLABXProjects\case_study_03.X\mode3.asm
                     Main   0x00002c    program     static C:\Users\sk4697\MPLABXProjects\case_study_03.X\mode3.asm
                 RedPress   0x000027    program     static C:\Users\sk4697\MPLABXProjects\case_study_03.X\mode3.asm
               RedRelease   0x000029    program     static C:\Users\sk4697\MPLABXProjects\case_study_03.X\mode3.asm
             ResetProgram   0x000016    program     static C:\Users\sk4697\MPLABXProjects\case_study_03.X\mode3.asm
              SensorFault   0x00004e    program     static C:\Users\sk4697\MPLABXProjects\case_study_03.X\mode3.asm
               SetupDelay   0x00006d    program     static C:\Users\sk4697\MPLABXProjects\case_study_03.X\mode3.asm
              SwitchCheck   0x000015    program     static C:\Users\sk4697\MPLABXProjects\case_study_03.X\mode3.asm
              SwitchDelay   0x000052    program     static C:\Users\sk4697\MPLABXProjects\case_study_03.X\mode3.asm
                WaitPress   0x00001e    program     static C:\Users\sk4697\MPLABXProjects\case_study_03.X\mode3.asm
                   initAD   0x000066    program     static C:\Users\sk4697\MPLABXProjects\case_study_03.X\mode3.asm
                 initPort   0x000055    program     static C:\Users\sk4697\MPLABXProjects\case_study_03.X\mode3.asm
               isrService   0x000070    program     static C:\Users\sk4697\MPLABXProjects\case_study_03.X\mode3.asm



                              Symbols - Sorted by Address
                     Name    Address   Location    Storage File                     
                ---------  ---------  ---------  --------- ---------                
              SwitchCheck   0x000015    program     static C:\Users\sk4697\MPLABXProjects\case_study_03.X\mode3.asm
             ResetProgram   0x000016    program     static C:\Users\sk4697\MPLABXProjects\case_study_03.X\mode3.asm
                WaitPress   0x00001e    program     static C:\Users\sk4697\MPLABXProjects\case_study_03.X\mode3.asm
               GreenPress   0x000023    program     static C:\Users\sk4697\MPLABXProjects\case_study_03.X\mode3.asm
             GreenRelease   0x000025    program     static C:\Users\sk4697\MPLABXProjects\case_study_03.X\mode3.asm
                 RedPress   0x000027    program     static C:\Users\sk4697\MPLABXProjects\case_study_03.X\mode3.asm
               RedRelease   0x000029    program     static C:\Users\sk4697\MPLABXProjects\case_study_03.X\mode3.asm
                     Main   0x00002c    program     static C:\Users\sk4697\MPLABXProjects\case_study_03.X\mode3.asm
                     AtoD   0x000034    program     static C:\Users\sk4697\MPLABXProjects\case_study_03.X\mode3.asm
                   Engage   0x000038    program     static C:\Users\sk4697\MPLABXProjects\case_study_03.X\mode3.asm
              SensorFault   0x00004e    program     static C:\Users\sk4697\MPLABXProjects\case_study_03.X\mode3.asm
              SwitchDelay   0x000052    program     static C:\Users\sk4697\MPLABXProjects\case_study_03.X\mode3.asm
                 initPort   0x000055    program     static C:\Users\sk4697\MPLABXProjects\case_study_03.X\mode3.asm
                   initAD   0x000066    program     static C:\Users\sk4697\MPLABXProjects\case_study_03.X\mode3.asm
               SetupDelay   0x00006d    program     static C:\Users\sk4697\MPLABXProjects\case_study_03.X\mode3.asm
               isrService   0x000070    program     static C:\Users\sk4697\MPLABXProjects\case_study_03.X\mode3.asm


